================================================================================
MoE CPU INT4 (Q4_0) Performance Test (nanovllm_ext)
================================================================================
OMP_NUM_THREADS: 20
torch.get_num_threads(): 20
Params: H=2048, I=768, E=128, K=8
Weight sets: 4, Benchmark runs: 50

Initializing handles & loading Q4_0 quantized weights...
  Generating weights for set 1
  Generating weights for set 2
  Generating weights for set 3
  Generating weights for set 4
Setup finished. Quant type: Q4_0
Weight bytes per expert: 2654208

--- Performance Results (using get_last_run_time_ms()) ---
Num Tokens   ActiveE  Avg Time (ms)    Weight BW (GB/s)   Compute (GFLOPS)  
----------------------------------------------------------------------------
1            8        0.3053           69.56              247.33            
2            16       0.5980           71.02              252.52            
3            24       0.8342           76.36              271.52            
4            32       0.8879           95.66              340.13            
5            40       0.9895           107.30             381.50            
6            48       1.2073           105.52             375.20            
7            56       1.3456           110.46             392.75            
8            64       1.5449           109.95             390.94            
16           128      2.6622           127.62             453.75            
32           128      2.8569           118.92             845.64            
64           128      4.3339           78.39              1114.89           
128          128      7.0830           47.97              1364.36           
256          128      13.5537          25.07              1425.98           
512          128      25.9376          13.10              1490.29           
1024         128      48.1150          7.06               1606.76           
2048         128      95.7311          3.55               1615.14           
4096         128      191.2454         1.78               1616.97           
----------------------------------------------------------------------------
Test complete.
JSON result: /home/xwj/workspace/MoE-Ascend-Opt/docs/bench_results/raw/operators_qwen3/cpu_fused_moe_q4_0_tp2.json
