================================================================================
MoE CPU INT4 (Q4_0) Performance Test (nanovllm_ext)
================================================================================
OMP_NUM_THREADS: 20
torch.get_num_threads(): 20
Params: H=2048, I=768, E=128, K=8
Weight sets: 4, Benchmark runs: 50

Initializing handles & loading Q4_0 quantized weights...
  Generating weights for set 1
  Generating weights for set 2
  Generating weights for set 3
  Generating weights for set 4
Setup finished. Quant type: Q4_0
Weight bytes per expert: 2654208

--- Performance Results (using get_last_run_time_ms()) ---
Num Tokens   ActiveE  Avg Time (ms)    Weight BW (GB/s)   Compute (GFLOPS)  
----------------------------------------------------------------------------
1            8        0.1836           115.68             411.31            
2            16       0.4029           105.40             374.75            
3            24       0.5443           117.04             416.14            
4            32       0.6008           141.37             502.67            
5            40       0.6872           154.49             549.30            
6            48       0.7572           168.25             598.22            
7            56       0.7998           185.83             660.73            
8            64       0.9203           184.59             656.31            
16           128      1.6056           211.60             752.34            
32           128      1.8410           184.55             1312.32           
64           128      2.5743           131.97             1876.93           
128          128      4.0280           84.34              2399.14           
256          128      7.3021           46.53              2646.82           
512          128      14.2180          23.90              2718.72           
1024         128      26.5912          12.78              2907.33           
2048         128      52.4235          6.48               2949.42           
4096         128      104.5564         3.25               2957.62           
----------------------------------------------------------------------------
Test complete.
JSON result: /home/xwj/workspace/MoE-Ascend-Opt/docs/bench_results/raw/operators_qwen3/cpu_fused_moe_q4_0_tp4.json
