=== Testing INT4 (Q4_0) MoE ===
Generating Q4_0 weights...
gate_up_qs shape: torch.Size([128, 1536, 256]), dtype: torch.uint32
gate_up_d shape: torch.Size([128, 1536, 64]), dtype: torch.float16
down_proj_qs shape: torch.Size([128, 2048, 96]), dtype: torch.uint32
down_proj_d shape: torch.Size([128, 2048, 24]), dtype: torch.float16
Quant type: Q4_0
[store_quantized_repack] done in 0.026s

=== Test T=1 ===
[time] ext=4.26 ms, ref=22.52 ms
[err ] abs_max=0.000275, abs_mean=0.000065, rmse=0.000081, rel_rmse=0.011235

=== Test T=8 ===
[time] ext=3.85 ms, ref=57.07 ms
[err ] abs_max=0.000376, abs_mean=0.000070, rmse=0.000088, rel_rmse=0.010879

=== Test T=32 ===
[time] ext=6.94 ms, ref=160.52 ms
[err ] abs_max=0.000504, abs_mean=0.000065, rmse=0.000083, rel_rmse=0.010990

=== Test T=128 ===
[time] ext=10.58 ms, ref=404.72 ms
[err ] abs_max=0.000504, abs_mean=0.000066, rmse=0.000084, rel_rmse=0.010946

=== Test T=256 ===
[time] ext=11.99 ms, ref=588.12 ms
[err ] abs_max=0.000557, abs_mean=0.000066, rmse=0.000083, rel_rmse=0.010960

=== Partial-route decode correctness ===
cpu_routes=1: rel_rmse=0.010917
cpu_routes=2: rel_rmse=0.011200
cpu_routes=4: rel_rmse=0.011000
cpu_routes=8: rel_rmse=0.011743

All tests finished.
