================================================================================
MoE CPU fused performance test (nanovllm_ext) - weight bandwidth only
================================================================================
OMP_NUM_THREADS: 20
torch.get_num_threads(): 20
Params: H=2048, I=768, E=128, K=8
Weight sets: 4, benchmark runs=50

Initializing handles & loading dummy quantized weights (row-major -> repack in C++) ...
Setup finished.

--- Performance Results (using get_last_run_time_ms()) ---
Num Tokens   ActiveE  Avg Time (ms)    Weight BW (GB/s)   Compute (GFLOPS)  
----------------------------------------------------------------------------
1            8        0.4805           83.47              157.13            
2            16       0.8809           91.06              171.41            
3            24       1.2014           100.16             188.53            
4            32       1.3699           117.11             220.44            
5            40       1.5934           125.85             236.90            
6            48       1.9431           123.85             233.13            
7            56       2.1816           128.69             242.24            
8            64       2.4252           132.30             249.04            
16           128      4.4972           142.69             268.60            
32           128      4.5688           140.46             528.79            
64           128      5.5456           115.72             871.29            
128          128      7.5181           85.36              1285.39           
256          128      11.4169          56.21              1692.87           
512          128      21.5619          29.76              1792.73           
1024         128      39.9472          16.06              1935.29           
2048         128      79.3170          8.09               1949.38           
4096         128      155.7032         4.12               1986.07           
----------------------------------------------------------------------------
Test complete.
JSON result: /home/xwj/workspace/MoE-Ascend-Opt/docs/bench_results/raw/operators_qwen3/cpu_fused_moe_q8_0_tp2.json
