/home/xwj/workspace/MoE-Ascend-Opt/moe_ascend_npu/tests/benchmark_w4a16_linear.py:74: UserWarning: Cannot create tensor with interal format while allow_internel_format=False, tensor will be created with base format. (Triggered internally at ../torch_npu/csrc/aten/common/TensorFactories.cpp:340.)
  unpacked_weight[:, i::pack_factor] = (weight >> (num_bits * i)) & mask
====================================================================================================
Benchmark: W4A16 (custom vs npu_native) vs torch.bmm (bfloat16)
====================================================================================================
Configuration:
  Hidden Size: 8192
  Intermediate Size: 8192
  Group Size: 32
  Quantization: int4 symmetric
====================================================================================================
Preparing 4 independent 8192x8192 weight copies...

Generic 8192x8192 Linear: [8192] -> [8192]
------------------------------------------------------------------------------------------------------------------------
 BS |    BMM(us) |    NPU(us) |  Custom(us) | Speedup(vs BMM) | Speedup(vs NPU) | Custom(GB/s) | Custom(TF/s)
------------------------------------------------------------------------------------------------------------------------
  1 |     111.39 |     182.08 |       48.77 |            2.28 |            3.73 |       774.02 |         2.75
  2 |     198.47 |     181.96 |       72.56 |            2.74 |            2.51 |       520.27 |         3.70
  3 |     325.67 |     182.20 |       96.24 |            3.38 |            1.89 |       392.24 |         4.18
  4 |     339.47 |     182.11 |      119.84 |            2.83 |            1.52 |       315.01 |         4.48

====================================================================================================
JSON result: docs/bench_results/raw/operators_qwen3/npu_w4a16_linear_8192.json
