/home/xwj/workspace/MoE-Ascend-Opt/moe_ascend_npu/moe_ascend_npu/kernels/repack.py:178: UserWarning: Cannot create tensor with interal format while allow_internel_format=False, tensor will be created with base format. (Triggered internally at ../torch_npu/csrc/aten/common/TensorFactories.cpp:340.)
  unpacked_weight[i::8, :] = (weight_t >> (4 * i)) & 0xF
[repack_int4_npu] N=4096 K=4096 -> match=True max_diff=0 shape=(4096, 512)
[repack_int4_npu] N=1536 K=2048 -> match=True max_diff=0 shape=(2048, 192)
[repack_int4_npu] N=2048 K=768 -> match=True max_diff=0 shape=(768, 256)

Repack test done.
/home/xwj/workspace/MoE-Ascend-Opt/moe_ascend_npu/tests/_helpers.py:38: UserWarning: Cannot create tensor with interal format while allow_internel_format=False, tensor will be created with base format. (Triggered internally at ../torch_npu/csrc/aten/common/TensorFactories.cpp:340.)
  packed |= (nibble[..., i].to(torch.int32) << (4 * i))
[grouped_gemv_w4a16_moe] max_diff=0.0025 mean_diff=0.0004 rel=0.0012
  ref sample : [0.06585393846035004, 0.22216197848320007, 0.24557171761989594, 0.33679935336112976, -0.2561074197292328]
  custom     : [0.06597900390625, 0.2218017578125, 0.2459716796875, 0.33642578125, -0.25634765625]
[batch_gemm_w4a16_small_bs] max_diff=0.0021 mean_diff=0.0004 rel=0.0010
  ref sample : [1.019631266593933, -0.3006667494773865, -0.0113128162920475, -0.10822687298059464, -0.30995044112205505]
  custom     : [1.0185546875, -0.300048828125, -0.01169586181640625, -0.1080322265625, -0.310546875]

All gemv/batch_gemm tests done.
/home/xwj/workspace/MoE-Ascend-Opt/moe_ascend_npu/tests/_helpers.py:38: UserWarning: Cannot create tensor with interal format while allow_internel_format=False, tensor will be created with base format. (Triggered internally at ../torch_npu/csrc/aten/common/TensorFactories.cpp:340.)
  packed |= (nibble[..., i].to(torch.int32) << (4 * i))
[fused_moe_w4a16_small_bs] BS=1 TopK=8 E=16 H=2048 I=768
  max_diff=0.0057 mean_diff=0.0012 rel=0.0014
  ref    : [-0.84438556432724, 1.8058710098266602, 0.47890737652778625, 1.1256006956100464, 0.0023493021726608276]
  custom : [-0.84521484375, 1.8076171875, 0.478759765625, 1.125, 0.00350189208984375]
[fused_moe_w4a16_small_bs] BS=2 TopK=8 E=16 H=2048 I=768
  max_diff=0.0062 mean_diff=0.0012 rel=0.0015
  ref    : [-0.84438556432724, 1.8058710098266602, 0.47890737652778625, 1.1256006956100464, 0.0023493021726608276]
  custom : [-0.84521484375, 1.8076171875, 0.478759765625, 1.125, 0.003383636474609375]
[fused_moe_w4a16_small_bs] BS=4 TopK=8 E=16 H=2048 I=768
  max_diff=0.0062 mean_diff=0.0012 rel=0.0013
  ref    : [-0.84438556432724, 1.8058710098266602, 0.47890737652778625, 1.1256006956100464, 0.0023493021726608276]
  custom : [-0.84521484375, 1.8076171875, 0.478759765625, 1.125, 0.00350189208984375]

Fused MoE test done.
