{
  "trace": "docs/bench_results/raw/qwen3_sharegpt_routing/routing_windows.jsonl",
  "windows": 108,
  "layers": 48,
  "experts_per_layer": 128,
  "expert_instances": 6144,
  "routes": 3950824,
  "observed_cache_hit_rate": 0.13603617878194518,
  "steps": [
    32,
    10256
  ],
  "working_set_expert_instances": {
    "0.5": 1269,
    "0.8": 2759,
    "0.9": 3663,
    "0.95": 4365
  },
  "normalized_layer_entropy": {
    "mean": 0.9225310007513702,
    "min": 0.9036646924119065,
    "max": 0.9625613395562846
  },
  "controller_control_us": {
    "samples": 108,
    "median": 145018.97,
    "p95": 149091.0255,
    "max": 150361.27
  },
  "cache_sizes": [
    {
      "k": 64,
      "expert_instance_fraction": 0.010416666666666666,
      "active_cache_gib": 0.158203125,
      "uniform_hit_rate": 0.010416666666666666,
      "oracle_global_lfu_hit_rate": 0.046527002974569354,
      "static_prefix_hit_rate": 0.02239746126571217,
      "predictive_ema_lfu": {
        "0.0": {
          "hit_rate": 0.07689004832527235,
          "evaluated_windows": 107,
          "window_hit_p50": 0.09243827160493827,
          "window_hit_p10": 0.02479154610386712
        },
        "0.25": {
          "hit_rate": 0.0751943980060493,
          "evaluated_windows": 107,
          "window_hit_p50": 0.09346516927083333,
          "window_hit_p10": 0.024496720952881385
        },
        "0.5": {
          "hit_rate": 0.06706832775056928,
          "evaluated_windows": 107,
          "window_hit_p50": 0.08233642578125,
          "window_hit_p10": 0.02458639292026528
        },
        "0.75": {
          "hit_rate": 0.05671998561820394,
          "evaluated_windows": 107,
          "window_hit_p50": 0.06981909223065741,
          "window_hit_p10": 0.018290303717748604
        },
        "0.9": {
          "hit_rate": 0.052431600137317715,
          "evaluated_windows": 107,
          "window_hit_p50": 0.05629339576941708,
          "window_hit_p10": 0.009935963245016277
        },
        "0.95": {
          "hit_rate": 0.048024382019504805,
          "evaluated_windows": 107,
          "window_hit_p50": 0.0487060546875,
          "window_hit_p10": 0.006869247279919203
        },
        "0.99": {
          "hit_rate": 0.0441844120018932,
          "evaluated_windows": 107,
          "window_hit_p50": 0.048075358072916664,
          "window_hit_p10": 0.007008986398963731
        }
      },
      "bounded_lfu": {
        "decay=0.0,swaps=8": {
          "hit_rate": 0.048795390531190454,
          "swaps": 862,
          "final_active": 64
        },
        "decay=0.0,swaps=16": {
          "hit_rate": 0.05574027089032566,
          "swaps": 1659,
          "final_active": 64
        },
        "decay=0.0,swaps=32": {
          "hit_rate": 0.06585967889230196,
          "swaps": 2770,
          "final_active": 64
        },
        "decay=0.0,swaps=64": {
          "hit_rate": 0.07686928093987482,
          "swaps": 3282,
          "final_active": 64
        },
        "decay=0.5,swaps=8": {
          "hit_rate": 0.047199520910068384,
          "swaps": 827,
          "final_active": 64
        },
        "decay=0.5,swaps=16": {
          "hit_rate": 0.05226529959319878,
          "swaps": 1543,
          "final_active": 64
        },
        "decay=0.5,swaps=32": {
          "hit_rate": 0.059066918698479104,
          "swaps": 2184,
          "final_active": 64
        },
        "decay=0.5,swaps=64": {
          "hit_rate": 0.0645460288790389,
          "swaps": 2378,
          "final_active": 64
        },
        "decay=0.95,swaps=8": {
          "hit_rate": 0.042668314255456585,
          "swaps": 483,
          "final_active": 64
        },
        "decay=0.95,swaps=16": {
          "hit_rate": 0.04413408443403199,
          "swaps": 560,
          "final_active": 64
        },
        "decay=0.95,swaps=32": {
          "hit_rate": 0.044518308079529736,
          "swaps": 578,
          "final_active": 64
        },
        "decay=0.95,swaps=64": {
          "hit_rate": 0.04467068135659802,
          "swaps": 593,
          "final_active": 64
        }
      },
      "cpu_remainder_oracle": {
        "expected_compute_ms": 0.2596143195213916,
        "full_miss_compute_ms": 0.266105,
        "reduction_vs_full_percent": 2.43914262362917
      }
    },
    {
      "k": 128,
      "expert_instance_fraction": 0.020833333333333332,
      "active_cache_gib": 0.31640625,
      "uniform_hit_rate": 0.020833333333333332,
      "oracle_global_lfu_hit_rate": 0.08540142512043057,
      "static_prefix_hit_rate": 0.039723913171338304,
      "predictive_ema_lfu": {
        "0.0": {
          "hit_rate": 0.1318737570817142,
          "evaluated_windows": 107,
          "window_hit_p50": 0.15745035807291666,
          "window_hit_p10": 0.04475828744475806
        },
        "0.25": {
          "hit_rate": 0.12764275659216437,
          "evaluated_windows": 107,
          "window_hit_p50": 0.15248819025899985,
          "window_hit_p10": 0.04595004753660825
        },
        "0.5": {
          "hit_rate": 0.11583769899388367,
          "evaluated_windows": 107,
          "window_hit_p50": 0.13928455152205763,
          "window_hit_p10": 0.044224986433014334
        },
        "0.75": {
          "hit_rate": 0.10061950399054215,
          "evaluated_windows": 107,
          "window_hit_p50": 0.11581179321486268,
          "window_hit_p10": 0.03912450822333011
        },
        "0.9": {
          "hit_rate": 0.0927326225042607,
          "evaluated_windows": 107,
          "window_hit_p50": 0.09959612277867529,
          "window_hit_p10": 0.0328776690906362
        },
        "0.95": {
          "hit_rate": 0.08673411349837189,
          "evaluated_windows": 107,
          "window_hit_p50": 0.09140574037834312,
          "window_hit_p10": 0.024829981348536038
        },
        "0.99": {
          "hit_rate": 0.08174288883156032,
          "evaluated_windows": 107,
          "window_hit_p50": 0.0896752401106951,
          "window_hit_p10": 0.0197334200260078
        }
      },
      "bounded_lfu": {
        "decay=0.0,swaps=8": {
          "hit_rate": 0.07592871765484871,
          "swaps": 864,
          "final_active": 128
        },
        "decay=0.0,swaps=16": {
          "hit_rate": 0.08823982035140011,
          "swaps": 1728,
          "final_active": 128
        },
        "decay=0.0,swaps=32": {
          "hit_rate": 0.10034514319038257,
          "swaps": 3326,
          "final_active": 128
        },
        "decay=0.0,swaps=64": {
          "hit_rate": 0.11668046969442324,
          "swaps": 5533,
          "final_active": 128
        },
        "decay=0.5,swaps=8": {
          "hit_rate": 0.07865549060145428,
          "swaps": 864,
          "final_active": 128
        },
        "decay=0.5,swaps=16": {
          "hit_rate": 0.08604331653346238,
          "swaps": 1651,
          "final_active": 128
        },
        "decay=0.5,swaps=32": {
          "hit_rate": 0.09602579107548198,
          "swaps": 3048,
          "final_active": 128
        },
        "decay=0.5,swaps=64": {
          "hit_rate": 0.10717637637110639,
          "swaps": 4216,
          "final_active": 128
        },
        "decay=0.95,swaps=8": {
          "hit_rate": 0.07847932481932883,
          "swaps": 684,
          "final_active": 128
        },
        "decay=0.95,swaps=16": {
          "hit_rate": 0.0795970663335041,
          "swaps": 878,
          "final_active": 128
        },
        "decay=0.95,swaps=32": {
          "hit_rate": 0.08157614715310021,
          "swaps": 995,
          "final_active": 128
        },
        "decay=0.95,swaps=64": {
          "hit_rate": 0.08204364456629806,
          "swaps": 1034,
          "final_active": 128
        }
      },
      "cpu_remainder_oracle": {
        "expected_compute_ms": 0.252982597102196,
        "full_miss_compute_ms": 0.266105,
        "reduction_vs_full_percent": 4.931287611207598
      }
    },
    {
      "k": 256,
      "expert_instance_fraction": 0.041666666666666664,
      "active_cache_gib": 0.6328125,
      "uniform_hit_rate": 0.041666666666666664,
      "oracle_global_lfu_hit_rate": 0.15166962638679932,
      "static_prefix_hit_rate": 0.08350452880285003,
      "predictive_ema_lfu": {
        "0.0": {
          "hit_rate": 0.21596105133366783,
          "evaluated_windows": 107,
          "window_hit_p50": 0.2509562174479167,
          "window_hit_p10": 0.09361200926862007
        },
        "0.25": {
          "hit_rate": 0.20744014186788653,
          "evaluated_windows": 107,
          "window_hit_p50": 0.23839387522397784,
          "window_hit_p10": 0.08971668208352723
        },
        "0.5": {
          "hit_rate": 0.19343718831824397,
          "evaluated_windows": 107,
          "window_hit_p50": 0.22567974601107132,
          "window_hit_p10": 0.08329615094422985
        },
        "0.75": {
          "hit_rate": 0.1724261561806175,
          "evaluated_windows": 107,
          "window_hit_p50": 0.19479251423921887,
          "window_hit_p10": 0.08130920526209941
        },
        "0.9": {
          "hit_rate": 0.15853848044542942,
          "evaluated_windows": 107,
          "window_hit_p50": 0.17332848837209303,
          "window_hit_p10": 0.06997765415793383
        },
        "0.95": {
          "hit_rate": 0.15289418410730282,
          "evaluated_windows": 107,
          "window_hit_p50": 0.16035108958837774,
          "window_hit_p10": 0.07254678460112451
        },
        "0.99": {
          "hit_rate": 0.14701577731779503,
          "evaluated_windows": 107,
          "window_hit_p50": 0.14777542372881355,
          "window_hit_p10": 0.05895675614186645
        }
      },
      "bounded_lfu": {
        "decay=0.0,swaps=8": {
          "hit_rate": 0.1130328761797539,
          "swaps": 864,
          "final_active": 256
        },
        "decay=0.0,swaps=16": {
          "hit_rate": 0.13464608901839212,
          "swaps": 1728,
          "final_active": 256
        },
        "decay=0.0,swaps=32": {
          "hit_rate": 0.15509372222098478,
          "swaps": 3456,
          "final_active": 256
        },
        "decay=0.0,swaps=64": {
          "hit_rate": 0.17555223922908234,
          "swaps": 6849,
          "final_active": 256
        },
        "decay=0.5,swaps=8": {
          "hit_rate": 0.12549458037108208,
          "swaps": 864,
          "final_active": 256
        },
        "decay=0.5,swaps=16": {
          "hit_rate": 0.1396285939338224,
          "swaps": 1728,
          "final_active": 256
        },
        "decay=0.5,swaps=32": {
          "hit_rate": 0.15197234804688844,
          "swaps": 3403,
          "final_active": 256
        },
        "decay=0.5,swaps=64": {
          "hit_rate": 0.16960639097059246,
          "swaps": 6196,
          "final_active": 256
        },
        "decay=0.95,swaps=8": {
          "hit_rate": 0.136068323974948,
          "swaps": 850,
          "final_active": 256
        },
        "decay=0.95,swaps=16": {
          "hit_rate": 0.14079037689352905,
          "swaps": 1292,
          "final_active": 256
        },
        "decay=0.95,swaps=32": {
          "hit_rate": 0.1432551791727498,
          "swaps": 1578,
          "final_active": 256
        },
        "decay=0.95,swaps=64": {
          "hit_rate": 0.1457751598147627,
          "swaps": 1765,
          "final_active": 256
        }
      },
      "cpu_remainder_oracle": {
        "expected_compute_ms": 0.24011293882657941,
        "full_miss_compute_ms": 0.266105,
        "reduction_vs_full_percent": 9.767595938979188
      }
    },
    {
      "k": 512,
      "expert_instance_fraction": 0.08333333333333333,
      "active_cache_gib": 1.265625,
      "uniform_hit_rate": 0.08333333333333333,
      "oracle_global_lfu_hit_rate": 0.25977036689055244,
      "static_prefix_hit_rate": 0.1768535848121261,
      "predictive_ema_lfu": {
        "0.0": {
          "hit_rate": 0.33929663266902166,
          "evaluated_windows": 107,
          "window_hit_p50": 0.3871951219512195,
          "window_hit_p10": 0.19347167127067175
        },
        "0.25": {
          "hit_rate": 0.32844604490451745,
          "evaluated_windows": 107,
          "window_hit_p50": 0.3710230943152455,
          "window_hit_p10": 0.17021449656623605
        },
        "0.5": {
          "hit_rate": 0.3106381617302032,
          "evaluated_windows": 107,
          "window_hit_p50": 0.3576444946722635,
          "window_hit_p10": 0.15641139394480436
        },
        "0.75": {
          "hit_rate": 0.28569930467672444,
          "evaluated_windows": 107,
          "window_hit_p50": 0.3101163542340013,
          "window_hit_p10": 0.16893274475718553
        },
        "0.9": {
          "hit_rate": 0.26562649175585884,
          "evaluated_windows": 107,
          "window_hit_p50": 0.28382065482977686,
          "window_hit_p10": 0.15368139871937264
        },
        "0.95": {
          "hit_rate": 0.25965261259138434,
          "evaluated_windows": 107,
          "window_hit_p50": 0.27552015604681407,
          "window_hit_p10": 0.15883145189001677
        },
        "0.99": {
          "hit_rate": 0.253220923075673,
          "evaluated_windows": 107,
          "window_hit_p50": 0.2682817589576547,
          "window_hit_p10": 0.14270146384779392
        }
      },
      "bounded_lfu": {
        "decay=0.0,swaps=8": {
          "hit_rate": 0.16785789496064618,
          "swaps": 864,
          "final_active": 512
        },
        "decay=0.0,swaps=16": {
          "hit_rate": 0.2009823773471053,
          "swaps": 1728,
          "final_active": 512
        },
        "decay=0.0,swaps=32": {
          "hit_rate": 0.23531217791529058,
          "swaps": 3456,
          "final_active": 512
        },
        "decay=0.0,swaps=64": {
          "hit_rate": 0.27118469463585315,
          "swaps": 6912,
          "final_active": 512
        },
        "decay=0.5,swaps=8": {
          "hit_rate": 0.17928842185832627,
          "swaps": 864,
          "final_active": 512
        },
        "decay=0.5,swaps=16": {
          "hit_rate": 0.21709471239417397,
          "swaps": 1728,
          "final_active": 512
        },
        "decay=0.5,swaps=32": {
          "hit_rate": 0.2456047143583212,
          "swaps": 3456,
          "final_active": 512
        },
        "decay=0.5,swaps=64": {
          "hit_rate": 0.2667342306313822,
          "swaps": 6912,
          "final_active": 512
        },
        "decay=0.95,swaps=8": {
          "hit_rate": 0.19948825865186604,
          "swaps": 864,
          "final_active": 512
        },
        "decay=0.95,swaps=16": {
          "hit_rate": 0.2388015765825053,
          "swaps": 1652,
          "final_active": 512
        },
        "decay=0.95,swaps=32": {
          "hit_rate": 0.24457708062925607,
          "swaps": 2346,
          "final_active": 512
        },
        "decay=0.95,swaps=64": {
          "hit_rate": 0.24901590149295438,
          "swaps": 2794,
          "final_active": 512
        }
      },
      "cpu_remainder_oracle": {
        "expected_compute_ms": 0.21755106488969367,
        "full_miss_compute_ms": 0.266105,
        "reduction_vs_full_percent": 18.246156633774756
      }
    },
    {
      "k": 1024,
      "expert_instance_fraction": 0.16666666666666666,
      "active_cache_gib": 2.53125,
      "uniform_hit_rate": 0.16666666666666666,
      "oracle_global_lfu_hit_rate": 0.4308655612095097,
      "static_prefix_hit_rate": 0.33035054110371714,
      "predictive_ema_lfu": {
        "0.0": {
          "hit_rate": 0.5152291133866489,
          "evaluated_windows": 107,
          "window_hit_p50": 0.5655482881136951,
          "window_hit_p10": 0.3556381107012327
        },
        "0.25": {
          "hit_rate": 0.5073066836756458,
          "evaluated_windows": 107,
          "window_hit_p50": 0.567283950617284,
          "window_hit_p10": 0.34293239825976685
        },
        "0.5": {
          "hit_rate": 0.4880710314469753,
          "evaluated_windows": 107,
          "window_hit_p50": 0.5342482489004724,
          "window_hit_p10": 0.3333004001943237
        },
        "0.75": {
          "hit_rate": 0.4607443493557646,
          "evaluated_windows": 107,
          "window_hit_p50": 0.4941062489907961,
          "window_hit_p10": 0.320744167596497
        },
        "0.9": {
          "hit_rate": 0.43696385659643017,
          "evaluated_windows": 107,
          "window_hit_p50": 0.4670999515582109,
          "window_hit_p10": 0.31259796839669973
        },
        "0.95": {
          "hit_rate": 0.42786351106768583,
          "evaluated_windows": 107,
          "window_hit_p50": 0.4564831261101243,
          "window_hit_p10": 0.2961229640313854
        },
        "0.99": {
          "hit_rate": 0.42076199143186216,
          "evaluated_windows": 107,
          "window_hit_p50": 0.4509545085296507,
          "window_hit_p10": 0.2658933243666149
        }
      },
      "bounded_lfu": {
        "decay=0.0,swaps=8": {
          "hit_rate": 0.1907313512320468,
          "swaps": 864,
          "final_active": 864
        },
        "decay=0.0,swaps=16": {
          "hit_rate": 0.2932947658513768,
          "swaps": 1728,
          "final_active": 1024
        },
        "decay=0.0,swaps=32": {
          "hit_rate": 0.357498334524646,
          "swaps": 3456,
          "final_active": 1024
        },
        "decay=0.0,swaps=64": {
          "hit_rate": 0.41949552802149626,
          "swaps": 6912,
          "final_active": 1024
        },
        "decay=0.5,swaps=8": {
          "hit_rate": 0.19625981820501243,
          "swaps": 864,
          "final_active": 864
        },
        "decay=0.5,swaps=16": {
          "hit_rate": 0.30897402668405377,
          "swaps": 1728,
          "final_active": 1024
        },
        "decay=0.5,swaps=32": {
          "hit_rate": 0.3865950495390329,
          "swaps": 3456,
          "final_active": 1024
        },
        "decay=0.5,swaps=64": {
          "hit_rate": 0.4239652285194177,
          "swaps": 6912,
          "final_active": 1024
        },
        "decay=0.95,swaps=8": {
          "hit_rate": 0.22336580925903052,
          "swaps": 864,
          "final_active": 864
        },
        "decay=0.95,swaps=16": {
          "hit_rate": 0.3453694722923623,
          "swaps": 1728,
          "final_active": 1024
        },
        "decay=0.95,swaps=32": {
          "hit_rate": 0.40324651262622685,
          "swaps": 3138,
          "final_active": 1024
        },
        "decay=0.95,swaps=64": {
          "hit_rate": 0.4110448858263491,
          "swaps": 4066,
          "final_active": 1024
        }
      },
      "cpu_remainder_oracle": {
        "expected_compute_ms": 0.18348988141139586,
        "full_miss_compute_ms": 0.266105,
        "reduction_vs_full_percent": 31.04606023509672
      }
    }
  ],
  "observed_cpu_remainder": {
    "expected_compute_ms": 0.2432715120922299,
    "full_miss_compute_ms": 0.266105,
    "reduction_vs_full_percent": 8.580630919287525
  }
}
